// Jest Snapshot v1, https://goo.gl/fbAQLP

exports[`Scraping rendering renders! 1`] = `
<Grid>
  <GridRow>
    <GridColumn
      offsetMD={1}
      widthMD={5}
      widthXS={6}
    >
      <FormElement
        label="Interval"
      >
        <Input
          autoFocus={true}
          autocomplete="off"
          disabledTitleText="This input is disabled"
          name=""
          onChange={[Function]}
          placeholder=""
          size="md"
          spellCheck={false}
          status="default"
          titleText="Interval"
          type="text"
          value=""
        />
      </FormElement>
    </GridColumn>
    <GridColumn
      offsetMD={1}
      widthMD={5}
      widthXS={6}
    >
      <FormElement
        label="Bucket"
      >
        <Dropdown
          buttonColor="default"
          buttonSize="sm"
          maxMenuHeight={250}
          menuColor="sapphire"
          mode="radio"
          onChange={[MockFunction]}
          selectedID=""
          status="default"
          titleText=""
          wrapText={false}
        />
      </FormElement>
    </GridColumn>
    <GridColumn
      offsetMD={1}
      widthMD={10}
      widthXS={12}
    >
      <MultipleInput
        helpText=""
        onAddRow={[MockFunction]}
        onDeleteRow={[MockFunction]}
        onEditRow={[MockFunction]}
        tags={
          Array [
            Object {
              "name": "",
              "text": "",
            },
          ]
        }
        title="Add URL"
      />
    </GridColumn>
  </GridRow>
</Grid>
`;
