// Jest Snapshot v1, https://goo.gl/fbAQLP

exports[`ScraperTarget rendering renders! 1`] = `
<Grid>
  <GridRow>
    <GridColumn
      offsetXS={2}
      widthXS={8}
    >
      <FormElement
        label="Bucket"
      >
        <BucketsDropdown
          buckets={Array []}
          onSelectBucket={[MockFunction]}
          selected=""
        />
      </FormElement>
    </GridColumn>
    <GridColumn
      offsetXS={2}
      widthXS={8}
    >
      <FormElement
        errorMessage="target URL is empty"
        label="Target URL"
      >
        <Input
          autoFocus={true}
          autocomplete="off"
          disabledTitleText="This input is disabled"
          name=""
          onChange={[Function]}
          placeholder=""
          size="md"
          spellCheck={false}
          status="error"
          titleText="Target URL"
          type="text"
          value=""
        />
      </FormElement>
    </GridColumn>
  </GridRow>
</Grid>
`;
